[      86ms] [INFO] %cDownload the React DevTools for a better development experience: https://reactjs.org/link/react-devtools font-weight:bold @ http://localhost:5173/node_modules/.vite/deps/chunk-UPVS5NU7.js?v=229f5c58:21608
[    3683ms] [WARNING] The resource http://localhost:5173/gallery-hero.avif was preloaded using link preload but not used within a few seconds from the window's load event. Please make sure it has an appropriate `as` value and it is preloaded intentionally. @ http://localhost:5173/fr/reserver:0
[    3683ms] [WARNING] The resource http://localhost:5173/fonts/space-grotesk-variable-latin.woff2 was preloaded using link preload but not used within a few seconds from the window's load event. Please make sure it has an appropriate `as` value and it is preloaded intentionally. @ http://localhost:5173/fr/reserver:0
[    3683ms] [WARNING] The resource http://localhost:5173/fonts/ibm-plex-mono-400-latin.woff2 was preloaded using link preload but not used within a few seconds from the window's load event. Please make sure it has an appropriate `as` value and it is preloaded intentionally. @ http://localhost:5173/fr/reserver:0
[  198117ms] [INFO] %cDownload the React DevTools for a better development experience: https://reactjs.org/link/react-devtools font-weight:bold @ http://localhost:5173/node_modules/.vite/deps/chunk-UPVS5NU7.js?v=229f5c58:21608
[  202172ms] [WARNING] The resource http://localhost:5173/gallery-hero.avif was preloaded using link preload but not used within a few seconds from the window's load event. Please make sure it has an appropriate `as` value and it is preloaded intentionally. @ http://localhost:5173/fr/reserver:0
[  202172ms] [WARNING] The resource http://localhost:5173/fonts/space-grotesk-variable-latin.woff2 was preloaded using link preload but not used within a few seconds from the window's load event. Please make sure it has an appropriate `as` value and it is preloaded intentionally. @ http://localhost:5173/fr/reserver:0
[  202172ms] [WARNING] The resource http://localhost:5173/fonts/ibm-plex-mono-400-latin.woff2 was preloaded using link preload but not used within a few seconds from the window's load event. Please make sure it has an appropriate `as` value and it is preloaded intentionally. @ http://localhost:5173/fr/reserver:0
[  204457ms] [INFO] %cDownload the React DevTools for a better development experience: https://reactjs.org/link/react-devtools font-weight:bold @ http://localhost:5173/node_modules/.vite/deps/chunk-UPVS5NU7.js?v=229f5c58:21608
[  208141ms] [WARNING] The resource http://localhost:5173/gallery-hero.avif was preloaded using link preload but not used within a few seconds from the window's load event. Please make sure it has an appropriate `as` value and it is preloaded intentionally. @ http://localhost:5173/fr/reserver:0
[  208141ms] [WARNING] The resource http://localhost:5173/fonts/space-grotesk-variable-latin.woff2 was preloaded using link preload but not used within a few seconds from the window's load event. Please make sure it has an appropriate `as` value and it is preloaded intentionally. @ http://localhost:5173/fr/reserver:0
[  208141ms] [WARNING] The resource http://localhost:5173/fonts/ibm-plex-mono-400-latin.woff2 was preloaded using link preload but not used within a few seconds from the window's load event. Please make sure it has an appropriate `as` value and it is preloaded intentionally. @ http://localhost:5173/fr/reserver:0
[  208756ms] [INFO] %cDownload the React DevTools for a better development experience: https://reactjs.org/link/react-devtools font-weight:bold @ http://localhost:5173/node_modules/.vite/deps/chunk-UPVS5NU7.js?v=229f5c58:21608
[  212398ms] [WARNING] The resource http://localhost:5173/gallery-hero.avif was preloaded using link preload but not used within a few seconds from the window's load event. Please make sure it has an appropriate `as` value and it is preloaded intentionally. @ http://localhost:5173/fr/reserver:0
[  212398ms] [WARNING] The resource http://localhost:5173/fonts/space-grotesk-variable-latin.woff2 was preloaded using link preload but not used within a few seconds from the window's load event. Please make sure it has an appropriate `as` value and it is preloaded intentionally. @ http://localhost:5173/fr/reserver:0
[  212398ms] [WARNING] The resource http://localhost:5173/fonts/ibm-plex-mono-400-latin.woff2 was preloaded using link preload but not used within a few seconds from the window's load event. Please make sure it has an appropriate `as` value and it is preloaded intentionally. @ http://localhost:5173/fr/reserver:0
[  372681ms] [INFO] [hmr] /src/direction-editorial.tsx failed to apply HMR as it's within a circular import. Reloading page to reset the execution order. To debug and break the circular import, you can run `vite --debug hmr` to log the circular dependency path if a file change triggered it. @ http://localhost:5173/@vite/client:817
[  372681ms] [ERROR] [vite] ReferenceError: Cannot access 'DirectionA' before initialization
    at http://localhost:5173/src/router.tsx?t=1779976793839:141:14 @ http://localhost:5173/@vite/client:808
[  372682ms] [ERROR] [vite] Failed to reload /src/direction-editorial.tsx. This could be due to syntax errors or importing non-existent modules. (see errors above) @ http://localhost:5173/@vite/client:808
[  372876ms] [INFO] %cDownload the React DevTools for a better development experience: https://reactjs.org/link/react-devtools font-weight:bold @ http://localhost:5173/node_modules/.vite/deps/chunk-UPVS5NU7.js?v=229f5c58:21608
[  376538ms] [WARNING] The resource http://localhost:5173/gallery-hero.avif was preloaded using link preload but not used within a few seconds from the window's load event. Please make sure it has an appropriate `as` value and it is preloaded intentionally. @ http://localhost:5173/fr/reserver:0
[  376538ms] [WARNING] The resource http://localhost:5173/fonts/space-grotesk-variable-latin.woff2 was preloaded using link preload but not used within a few seconds from the window's load event. Please make sure it has an appropriate `as` value and it is preloaded intentionally. @ http://localhost:5173/fr/reserver:0
[  376538ms] [WARNING] The resource http://localhost:5173/fonts/ibm-plex-mono-400-latin.woff2 was preloaded using link preload but not used within a few seconds from the window's load event. Please make sure it has an appropriate `as` value and it is preloaded intentionally. @ http://localhost:5173/fr/reserver:0
[  494432ms] [INFO] [hmr] /src/direction-editorial.tsx failed to apply HMR as it's within a circular import. Reloading page to reset the execution order. To debug and break the circular import, you can run `vite --debug hmr` to log the circular dependency path if a file change triggered it. @ http://localhost:5173/@vite/client:817
[  494433ms] [ERROR] [vite] ReferenceError: Cannot access 'DirectionA' before initialization
    at http://localhost:5173/src/router.tsx?t=1779976915687:141:14 @ http://localhost:5173/@vite/client:808
[  494433ms] [ERROR] [vite] Failed to reload /src/direction-editorial.tsx. This could be due to syntax errors or importing non-existent modules. (see errors above) @ http://localhost:5173/@vite/client:808
[  494767ms] [INFO] %cDownload the React DevTools for a better development experience: https://reactjs.org/link/react-devtools font-weight:bold @ http://localhost:5173/node_modules/.vite/deps/chunk-UPVS5NU7.js?v=229f5c58:21608
[  498540ms] [WARNING] The resource http://localhost:5173/gallery-hero.avif was preloaded using link preload but not used within a few seconds from the window's load event. Please make sure it has an appropriate `as` value and it is preloaded intentionally. @ http://localhost:5173/fr/reserver:0
[  498540ms] [WARNING] The resource http://localhost:5173/fonts/space-grotesk-variable-latin.woff2 was preloaded using link preload but not used within a few seconds from the window's load event. Please make sure it has an appropriate `as` value and it is preloaded intentionally. @ http://localhost:5173/fr/reserver:0
[  498540ms] [WARNING] The resource http://localhost:5173/fonts/ibm-plex-mono-400-latin.woff2 was preloaded using link preload but not used within a few seconds from the window's load event. Please make sure it has an appropriate `as` value and it is preloaded intentionally. @ http://localhost:5173/fr/reserver:0
[  531119ms] [INFO] [hmr] /src/direction-editorial.tsx failed to apply HMR as it's within a circular import. Reloading page to reset the execution order. To debug and break the circular import, you can run `vite --debug hmr` to log the circular dependency path if a file change triggered it. @ http://localhost:5173/@vite/client:817
[  531120ms] [ERROR] [vite] ReferenceError: Cannot access 'DirectionA' before initialization
    at http://localhost:5173/src/router.tsx?t=1779976952392:141:14 @ http://localhost:5173/@vite/client:808
[  531120ms] [ERROR] [vite] Failed to reload /src/direction-editorial.tsx. This could be due to syntax errors or importing non-existent modules. (see errors above) @ http://localhost:5173/@vite/client:808
[  531360ms] [INFO] %cDownload the React DevTools for a better development experience: https://reactjs.org/link/react-devtools font-weight:bold @ http://localhost:5173/node_modules/.vite/deps/chunk-UPVS5NU7.js?v=229f5c58:21608
[  535061ms] [WARNING] The resource http://localhost:5173/gallery-hero.avif was preloaded using link preload but not used within a few seconds from the window's load event. Please make sure it has an appropriate `as` value and it is preloaded intentionally. @ http://localhost:5173/fr/reserver:0
[  535061ms] [WARNING] The resource http://localhost:5173/fonts/space-grotesk-variable-latin.woff2 was preloaded using link preload but not used within a few seconds from the window's load event. Please make sure it has an appropriate `as` value and it is preloaded intentionally. @ http://localhost:5173/fr/reserver:0
[  535061ms] [WARNING] The resource http://localhost:5173/fonts/ibm-plex-mono-400-latin.woff2 was preloaded using link preload but not used within a few seconds from the window's load event. Please make sure it has an appropriate `as` value and it is preloaded intentionally. @ http://localhost:5173/fr/reserver:0
[  910114ms] [INFO] [hmr] /src/direction-editorial.tsx failed to apply HMR as it's within a circular import. Reloading page to reset the execution order. To debug and break the circular import, you can run `vite --debug hmr` to log the circular dependency path if a file change triggered it. @ http://localhost:5173/@vite/client:817
[  910114ms] [ERROR] [vite] ReferenceError: Cannot access 'DirectionA' before initialization
    at http://localhost:5173/src/router.tsx?t=1779977331356:141:14 @ http://localhost:5173/@vite/client:808
[  910114ms] [ERROR] [vite] Failed to reload /src/direction-editorial.tsx. This could be due to syntax errors or importing non-existent modules. (see errors above) @ http://localhost:5173/@vite/client:808
[  910399ms] [INFO] %cDownload the React DevTools for a better development experience: https://reactjs.org/link/react-devtools font-weight:bold @ http://localhost:5173/node_modules/.vite/deps/chunk-UPVS5NU7.js?v=229f5c58:21608
[  914382ms] [WARNING] The resource http://localhost:5173/gallery-hero.avif was preloaded using link preload but not used within a few seconds from the window's load event. Please make sure it has an appropriate `as` value and it is preloaded intentionally. @ http://localhost:5173/fr/reserver:0
[  914383ms] [WARNING] The resource http://localhost:5173/fonts/space-grotesk-variable-latin.woff2 was preloaded using link preload but not used within a few seconds from the window's load event. Please make sure it has an appropriate `as` value and it is preloaded intentionally. @ http://localhost:5173/fr/reserver:0
[  914383ms] [WARNING] The resource http://localhost:5173/fonts/ibm-plex-mono-400-latin.woff2 was preloaded using link preload but not used within a few seconds from the window's load event. Please make sure it has an appropriate `as` value and it is preloaded intentionally. @ http://localhost:5173/fr/reserver:0
[ 1011084ms] [INFO] [hmr] /src/direction-editorial.tsx failed to apply HMR as it's within a circular import. Reloading page to reset the execution order. To debug and break the circular import, you can run `vite --debug hmr` to log the circular dependency path if a file change triggered it. @ http://localhost:5173/@vite/client:817
[ 1011084ms] [ERROR] [vite] ReferenceError: Cannot access 'DirectionA' before initialization
    at http://localhost:5173/src/router.tsx?t=1779977432332:141:14 @ http://localhost:5173/@vite/client:808
[ 1011084ms] [ERROR] [vite] Failed to reload /src/direction-editorial.tsx. This could be due to syntax errors or importing non-existent modules. (see errors above) @ http://localhost:5173/@vite/client:808
[ 1011171ms] [INFO] %cDownload the React DevTools for a better development experience: https://reactjs.org/link/react-devtools font-weight:bold @ http://localhost:5173/node_modules/.vite/deps/chunk-UPVS5NU7.js?v=229f5c58:21608
[ 1014561ms] [WARNING] The resource http://localhost:5173/gallery-hero.avif was preloaded using link preload but not used within a few seconds from the window's load event. Please make sure it has an appropriate `as` value and it is preloaded intentionally. @ http://localhost:5173/fr/reserver:0
[ 1014561ms] [WARNING] The resource http://localhost:5173/fonts/space-grotesk-variable-latin.woff2 was preloaded using link preload but not used within a few seconds from the window's load event. Please make sure it has an appropriate `as` value and it is preloaded intentionally. @ http://localhost:5173/fr/reserver:0
[ 1014561ms] [WARNING] The resource http://localhost:5173/fonts/ibm-plex-mono-400-latin.woff2 was preloaded using link preload but not used within a few seconds from the window's load event. Please make sure it has an appropriate `as` value and it is preloaded intentionally. @ http://localhost:5173/fr/reserver:0
[ 1246002ms] [INFO] [hmr] /src/direction-editorial.tsx failed to apply HMR as it's within a circular import. Reloading page to reset the execution order. To debug and break the circular import, you can run `vite --debug hmr` to log the circular dependency path if a file change triggered it. @ http://localhost:5173/@vite/client:817
[ 1246002ms] [ERROR] [vite] ReferenceError: Cannot access 'DirectionA' before initialization
    at http://localhost:5173/src/router.tsx?t=1779977667287:141:14 @ http://localhost:5173/@vite/client:808
[ 1246002ms] [ERROR] [vite] Failed to reload /src/direction-editorial.tsx. This could be due to syntax errors or importing non-existent modules. (see errors above) @ http://localhost:5173/@vite/client:808
[ 1246308ms] [INFO] %cDownload the React DevTools for a better development experience: https://reactjs.org/link/react-devtools font-weight:bold @ http://localhost:5173/node_modules/.vite/deps/chunk-UPVS5NU7.js?v=229f5c58:21608
[ 1249995ms] [WARNING] The resource http://localhost:5173/gallery-hero.avif was preloaded using link preload but not used within a few seconds from the window's load event. Please make sure it has an appropriate `as` value and it is preloaded intentionally. @ http://localhost:5173/fr/reserver:0
[ 1249995ms] [WARNING] The resource http://localhost:5173/fonts/space-grotesk-variable-latin.woff2 was preloaded using link preload but not used within a few seconds from the window's load event. Please make sure it has an appropriate `as` value and it is preloaded intentionally. @ http://localhost:5173/fr/reserver:0
[ 1249995ms] [WARNING] The resource http://localhost:5173/fonts/ibm-plex-mono-400-latin.woff2 was preloaded using link preload but not used within a few seconds from the window's load event. Please make sure it has an appropriate `as` value and it is preloaded intentionally. @ http://localhost:5173/fr/reserver:0
[ 1426143ms] [INFO] [hmr] /src/direction-editorial.tsx failed to apply HMR as it's within a circular import. Reloading page to reset the execution order. To debug and break the circular import, you can run `vite --debug hmr` to log the circular dependency path if a file change triggered it. @ http://localhost:5173/@vite/client:817
[ 1426143ms] [ERROR] [vite] ReferenceError: Cannot access 'DirectionA' before initialization
    at http://localhost:5173/src/router.tsx?t=1779977847374:141:14 @ http://localhost:5173/@vite/client:808
[ 1426143ms] [ERROR] [vite] Failed to reload /src/direction-editorial.tsx. This could be due to syntax errors or importing non-existent modules. (see errors above) @ http://localhost:5173/@vite/client:808
[ 1426256ms] [INFO] %cDownload the React DevTools for a better development experience: https://reactjs.org/link/react-devtools font-weight:bold @ http://localhost:5173/node_modules/.vite/deps/chunk-UPVS5NU7.js?v=229f5c58:21608
[ 1430422ms] [WARNING] The resource http://localhost:5173/gallery-hero.avif was preloaded using link preload but not used within a few seconds from the window's load event. Please make sure it has an appropriate `as` value and it is preloaded intentionally. @ http://localhost:5173/fr/reserver:0
[ 1430423ms] [WARNING] The resource http://localhost:5173/fonts/space-grotesk-variable-latin.woff2 was preloaded using link preload but not used within a few seconds from the window's load event. Please make sure it has an appropriate `as` value and it is preloaded intentionally. @ http://localhost:5173/fr/reserver:0
[ 1430423ms] [WARNING] The resource http://localhost:5173/fonts/ibm-plex-mono-400-latin.woff2 was preloaded using link preload but not used within a few seconds from the window's load event. Please make sure it has an appropriate `as` value and it is preloaded intentionally. @ http://localhost:5173/fr/reserver:0
[ 1432441ms] [INFO] [hmr] /src/direction-editorial.tsx failed to apply HMR as it's within a circular import. Reloading page to reset the execution order. To debug and break the circular import, you can run `vite --debug hmr` to log the circular dependency path if a file change triggered it. @ http://localhost:5173/@vite/client:817
[ 1432442ms] [ERROR] [vite] ReferenceError: Cannot access 'DirectionA' before initialization
    at http://localhost:5173/src/router.tsx?t=1779977853710:141:14 @ http://localhost:5173/@vite/client:808
[ 1432442ms] [ERROR] [vite] Failed to reload /src/direction-editorial.tsx. This could be due to syntax errors or importing non-existent modules. (see errors above) @ http://localhost:5173/@vite/client:808
[ 1432614ms] [INFO] %cDownload the React DevTools for a better development experience: https://reactjs.org/link/react-devtools font-weight:bold @ http://localhost:5173/node_modules/.vite/deps/chunk-UPVS5NU7.js?v=229f5c58:21608
[ 1436211ms] [WARNING] The resource http://localhost:5173/gallery-hero.avif was preloaded using link preload but not used within a few seconds from the window's load event. Please make sure it has an appropriate `as` value and it is preloaded intentionally. @ http://localhost:5173/fr/reserver:0
[ 1436211ms] [WARNING] The resource http://localhost:5173/fonts/space-grotesk-variable-latin.woff2 was preloaded using link preload but not used within a few seconds from the window's load event. Please make sure it has an appropriate `as` value and it is preloaded intentionally. @ http://localhost:5173/fr/reserver:0
[ 1436211ms] [WARNING] The resource http://localhost:5173/fonts/ibm-plex-mono-400-latin.woff2 was preloaded using link preload but not used within a few seconds from the window's load event. Please make sure it has an appropriate `as` value and it is preloaded intentionally. @ http://localhost:5173/fr/reserver:0
[ 1739275ms] [INFO] [hmr] /src/direction-editorial.tsx failed to apply HMR as it's within a circular import. Reloading page to reset the execution order. To debug and break the circular import, you can run `vite --debug hmr` to log the circular dependency path if a file change triggered it. @ http://localhost:5173/@vite/client:817
[ 1739276ms] [ERROR] [vite] ReferenceError: Cannot access 'DirectionA' before initialization
    at http://localhost:5173/src/router.tsx?t=1779978160515:141:14 @ http://localhost:5173/@vite/client:808
[ 1739276ms] [ERROR] [vite] Failed to reload /src/direction-editorial.tsx. This could be due to syntax errors or importing non-existent modules. (see errors above) @ http://localhost:5173/@vite/client:808
[ 1739551ms] [INFO] %cDownload the React DevTools for a better development experience: https://reactjs.org/link/react-devtools font-weight:bold @ http://localhost:5173/node_modules/.vite/deps/chunk-UPVS5NU7.js?v=229f5c58:21608
[ 1743505ms] [WARNING] The resource http://localhost:5173/gallery-hero.avif was preloaded using link preload but not used within a few seconds from the window's load event. Please make sure it has an appropriate `as` value and it is preloaded intentionally. @ http://localhost:5173/fr/reserver:0
[ 1743506ms] [WARNING] The resource http://localhost:5173/fonts/space-grotesk-variable-latin.woff2 was preloaded using link preload but not used within a few seconds from the window's load event. Please make sure it has an appropriate `as` value and it is preloaded intentionally. @ http://localhost:5173/fr/reserver:0
[ 1743506ms] [WARNING] The resource http://localhost:5173/fonts/ibm-plex-mono-400-latin.woff2 was preloaded using link preload but not used within a few seconds from the window's load event. Please make sure it has an appropriate `as` value and it is preloaded intentionally. @ http://localhost:5173/fr/reserver:0
[ 1744706ms] [INFO] [hmr] /src/direction-editorial.tsx failed to apply HMR as it's within a circular import. Reloading page to reset the execution order. To debug and break the circular import, you can run `vite --debug hmr` to log the circular dependency path if a file change triggered it. @ http://localhost:5173/@vite/client:817
[ 1744706ms] [ERROR] [vite] ReferenceError: Cannot access 'DirectionA' before initialization
    at http://localhost:5173/src/router.tsx?t=1779978165950:141:14 @ http://localhost:5173/@vite/client:808
[ 1744706ms] [ERROR] [vite] Failed to reload /src/direction-editorial.tsx. This could be due to syntax errors or importing non-existent modules. (see errors above) @ http://localhost:5173/@vite/client:808
[ 1744894ms] [INFO] %cDownload the React DevTools for a better development experience: https://reactjs.org/link/react-devtools font-weight:bold @ http://localhost:5173/node_modules/.vite/deps/chunk-UPVS5NU7.js?v=229f5c58:21608
[ 1748516ms] [WARNING] The resource http://localhost:5173/gallery-hero.avif was preloaded using link preload but not used within a few seconds from the window's load event. Please make sure it has an appropriate `as` value and it is preloaded intentionally. @ http://localhost:5173/fr/reserver:0
[ 1748516ms] [WARNING] The resource http://localhost:5173/fonts/space-grotesk-variable-latin.woff2 was preloaded using link preload but not used within a few seconds from the window's load event. Please make sure it has an appropriate `as` value and it is preloaded intentionally. @ http://localhost:5173/fr/reserver:0
[ 1748516ms] [WARNING] The resource http://localhost:5173/fonts/ibm-plex-mono-400-latin.woff2 was preloaded using link preload but not used within a few seconds from the window's load event. Please make sure it has an appropriate `as` value and it is preloaded intentionally. @ http://localhost:5173/fr/reserver:0
