[     178ms] [INFO] %cDownload the React DevTools for a better development experience: https://reactjs.org/link/react-devtools font-weight:bold @ http://localhost:5173/node_modules/.vite/deps/chunk-UPVS5NU7.js?v=229f5c58:21608
[     224ms] [ERROR] Warning: React does not recognize the `%s` prop on a DOM element. If you intentionally want it to appear in the DOM as a custom attribute, spell it as lowercase `%s` instead. If you accidentally passed it from a parent component, remove it from the DOM element.%s fetchPriority fetchpriority 
    at img
    at picture
    at button
    at div
    at DirectionA (http://localhost:5173/src/direction-editorial.tsx?t=1779980501962:76:45)
    at MatchInnerImpl (http://localhost:5173/node_modules/.vite/deps/chunk-F4TVASKJ.js?v=229f5c58:7282:59)
    at SafeFragment (http://localhost:5173/node_modules/.vite/deps/chunk-F4TVASKJ.js?v=229f5c58:7136:87)
    at SafeFragment (http://localhost:5173/node_modules/.vite/deps/chunk-F4TVASKJ.js?v=229f5c58:7136:87)
    at SafeFragment (http://localhost:5173/node_modules/.vite/deps/chunk-F4TVASKJ.js?v=229f5c58:7136:87)
    at SafeFragment (http://localhost:5173/node_modules/.vite/deps/chunk-F4TVASKJ.js?v=229f5c58:7136:87)
    at MatchView (http://localhost:5173/node_modules/.vite/deps/chunk-F4TVASKJ.js?v=229f5c58:7221:22)
    at MatchImpl (http://localhost:5173/node_modules/.vite/deps/chunk-F4TVASKJ.js?v=229f5c58:7171:49)
    at OutletImpl (http://localhost:5173/node_modules/.vite/deps/chunk-F4TVASKJ.js?v=229f5c58:7405:18)
    at MatchInnerImpl (http://localhost:5173/node_modules/.vite/deps/chunk-F4TVASKJ.js?v=229f5c58:7282:59)
    at SafeFragment (http://localhost:5173/node_modules/.vite/deps/chunk-F4TVASKJ.js?v=229f5c58:7136:87)
    at SafeFragment (http://localhost:5173/node_modules/.vite/deps/chunk-F4TVASKJ.js?v=229f5c58:7136:87)
    at SafeFragment (http://localhost:5173/node_modules/.vite/deps/chunk-F4TVASKJ.js?v=229f5c58:7136:87)
    at SafeFragment (http://localhost:5173/node_modules/.vite/deps/chunk-F4TVASKJ.js?v=229f5c58:7136:87)
    at MatchView (http://localhost:5173/node_modules/.vite/deps/chunk-F4TVASKJ.js?v=229f5c58:7221:22)
    at MatchImpl (http://localhost:5173/node_modules/.vite/deps/chunk-F4TVASKJ.js?v=229f5c58:7171:49)
    at Suspense
    at OutletImpl (http://localhost:5173/node_modules/.vite/deps/chunk-F4TVASKJ.js?v=229f5c58:7405:18)
    at LangLayout (http://localhost:5173/src/router.tsx?t=1779980501962:54:35)
    at MatchInnerImpl (http://localhost:5173/node_modules/.vite/deps/chunk-F4TVASKJ.js?v=229f5c58:7282:59)
    at SafeFragment (http://localhost:5173/node_modules/.vite/deps/chunk-F4TVASKJ.js?v=229f5c58:7136:87)
    at SafeFragment (http://localhost:5173/node_modules/.vite/deps/chunk-F4TVASKJ.js?v=229f5c58:7136:87)
    at SafeFragment (http://localhost:5173/node_modules/.vite/deps/chunk-F4TVASKJ.js?v=229f5c58:7136:87)
    at SafeFragment (http://localhost:5173/node_modules/.vite/deps/chunk-F4TVASKJ.js?v=229f5c58:7136:87)
    at MatchView (http://localhost:5173/node_modules/.vite/deps/chunk-F4TVASKJ.js?v=229f5c58:7221:22)
    at MatchImpl (http://localhost:5173/node_modules/.vite/deps/chunk-F4TVASKJ.js?v=229f5c58:7171:49)
    at CatchBoundaryImpl (http://localhost:5173/node_modules/.vite/deps/chunk-F4TVASKJ.js?v=229f5c58:5643:5)
    at CatchBoundary (http://localhost:5173/node_modules/.vite/deps/chunk-F4TVASKJ.js?v=229f5c58:5628:32)
    at MatchesInner (http://localhost:5173/node_modules/.vite/deps/chunk-F4TVASKJ.js?v=229f5c58:7552:18)
    at Suspense
    at Matches (http://localhost:5173/node_modules/.vite/deps/chunk-F4TVASKJ.js?v=229f5c58:7542:18)
    at RouterContextProvider (http://localhost:5173/node_modules/.vite/deps/chunk-F4TVASKJ.js?v=229f5c58:7653:34)
    at RouterProvider (http://localhost:5173/node_modules/.vite/deps/chunk-F4TVASKJ.js?v=229f5c58:7669:27)
    at http://localhost:5173/node_modules/.vite/deps/chunk-KF37EVZO.js?v=229f5c58:89:13
    at App @ http://localhost:5173/node_modules/.vite/deps/chunk-UPVS5NU7.js?v=229f5c58:520
[    4253ms] [WARNING] The resource http://localhost:5173/fonts/space-grotesk-variable-latin.woff2 was preloaded using link preload but not used within a few seconds from the window's load event. Please make sure it has an appropriate `as` value and it is preloaded intentionally. @ http://localhost:5173/fr:0
[    4254ms] [WARNING] The resource http://localhost:5173/fonts/ibm-plex-mono-400-latin.woff2 was preloaded using link preload but not used within a few seconds from the window's load event. Please make sure it has an appropriate `as` value and it is preloaded intentionally. @ http://localhost:5173/fr:0
