[     121ms] [INFO] %cDownload the React DevTools for a better development experience: https://reactjs.org/link/react-devtools font-weight:bold @ http://localhost:5174/node_modules/.vite/deps/chunk-UPVS5NU7.js?v=229f5c58:21608
[    3774ms] [WARNING] The resource http://localhost:5174/fonts/space-grotesk-variable-latin.woff2 was preloaded using link preload but not used within a few seconds from the window's load event. Please make sure it has an appropriate `as` value and it is preloaded intentionally. @ http://localhost:5174/fr/galerie:0
[    3774ms] [WARNING] The resource http://localhost:5174/fonts/ibm-plex-mono-400-latin.woff2 was preloaded using link preload but not used within a few seconds from the window's load event. Please make sure it has an appropriate `as` value and it is preloaded intentionally. @ http://localhost:5174/fr/galerie:0
[    3774ms] [WARNING] The resource http://localhost:5174/gallery-hero.avif was preloaded using link preload but not used within a few seconds from the window's load event. Please make sure it has an appropriate `as` value and it is preloaded intentionally. @ http://localhost:5174/fr/galerie:0
[   12656ms] [WARNING] The resource http://localhost:5174/fonts/space-grotesk-variable-latin.woff2 was preloaded using link preload but not used within a few seconds from the window's load event. Please make sure it has an appropriate `as` value and it is preloaded intentionally. @ http://localhost:5174/fr/galerie:0
[   12656ms] [WARNING] The resource http://localhost:5174/fonts/ibm-plex-mono-400-latin.woff2 was preloaded using link preload but not used within a few seconds from the window's load event. Please make sure it has an appropriate `as` value and it is preloaded intentionally. @ http://localhost:5174/fr/galerie:0
[   12656ms] [WARNING] The resource http://localhost:5174/gallery-hero.avif was preloaded using link preload but not used within a few seconds from the window's load event. Please make sure it has an appropriate `as` value and it is preloaded intentionally. @ http://localhost:5174/fr/galerie:0
[   33618ms] [WARNING] The resource http://localhost:5174/fonts/space-grotesk-variable-latin.woff2 was preloaded using link preload but not used within a few seconds from the window's load event. Please make sure it has an appropriate `as` value and it is preloaded intentionally. @ http://localhost:5174/fr/galerie:0
[   33618ms] [WARNING] The resource http://localhost:5174/fonts/ibm-plex-mono-400-latin.woff2 was preloaded using link preload but not used within a few seconds from the window's load event. Please make sure it has an appropriate `as` value and it is preloaded intentionally. @ http://localhost:5174/fr/galerie:0
[   33618ms] [WARNING] The resource http://localhost:5174/gallery-hero.avif was preloaded using link preload but not used within a few seconds from the window's load event. Please make sure it has an appropriate `as` value and it is preloaded intentionally. @ http://localhost:5174/fr/galerie:0
[   76114ms] ReferenceError: mulberry32 is not defined
    at http://localhost:5174/src/gallery-page.tsx?t=1780045524647:630:17
    at updateMemo (http://localhost:5174/node_modules/.vite/deps/chunk-UPVS5NU7.js?v=229f5c58:12258:27)
    at Object.useMemo (http://localhost:5174/node_modules/.vite/deps/chunk-UPVS5NU7.js?v=229f5c58:12774:24)
    at useMemo (http://localhost:5174/node_modules/.vite/deps/chunk-UTGTJRWV.js?v=229f5c58:1094:29)
    at GalleryPageV3 (http://localhost:5174/src/gallery-page.tsx?t=1780045524647:625:27)
    at renderWithHooks (http://localhost:5174/node_modules/.vite/deps/chunk-UPVS5NU7.js?v=229f5c58:11596:26)
    at updateFunctionComponent (http://localhost:5174/node_modules/.vite/deps/chunk-UPVS5NU7.js?v=229f5c58:14630:28)
    at beginWork (http://localhost:5174/node_modules/.vite/deps/chunk-UPVS5NU7.js?v=229f5c58:15972:22)
    at HTMLUnknownElement.callCallback2 (http://localhost:5174/node_modules/.vite/deps/chunk-UPVS5NU7.js?v=229f5c58:3680:22)
    at Object.invokeGuardedCallbackDev (http://localhost:5174/node_modules/.vite/deps/chunk-UPVS5NU7.js?v=229f5c58:3705:24)
[   76116ms] ReferenceError: mulberry32 is not defined
    at http://localhost:5174/src/gallery-page.tsx?t=1780045524647:630:17
    at updateMemo (http://localhost:5174/node_modules/.vite/deps/chunk-UPVS5NU7.js?v=229f5c58:12258:27)
    at Object.useMemo (http://localhost:5174/node_modules/.vite/deps/chunk-UPVS5NU7.js?v=229f5c58:12774:24)
    at useMemo (http://localhost:5174/node_modules/.vite/deps/chunk-UTGTJRWV.js?v=229f5c58:1094:29)
    at GalleryPageV3 (http://localhost:5174/src/gallery-page.tsx?t=1780045524647:625:27)
    at renderWithHooks (http://localhost:5174/node_modules/.vite/deps/chunk-UPVS5NU7.js?v=229f5c58:11596:26)
    at updateFunctionComponent (http://localhost:5174/node_modules/.vite/deps/chunk-UPVS5NU7.js?v=229f5c58:14630:28)
    at beginWork (http://localhost:5174/node_modules/.vite/deps/chunk-UPVS5NU7.js?v=229f5c58:15972:22)
    at HTMLUnknownElement.callCallback2 (http://localhost:5174/node_modules/.vite/deps/chunk-UPVS5NU7.js?v=229f5c58:3680:22)
    at Object.invokeGuardedCallbackDev (http://localhost:5174/node_modules/.vite/deps/chunk-UPVS5NU7.js?v=229f5c58:3705:24)
[   76118ms] [ERROR] The above error occurred in the <GalleryPageV3> component:

    at GalleryPageV3 (http://localhost:5174/src/gallery-page.tsx?t=1780045524647:605:45)
    at Lazy
    at MatchInnerImpl (http://localhost:5174/node_modules/.vite/deps/chunk-F4TVASKJ.js?v=229f5c58:7282:59)
    at SafeFragment (http://localhost:5174/node_modules/.vite/deps/chunk-F4TVASKJ.js?v=229f5c58:7136:87)
    at SafeFragment (http://localhost:5174/node_modules/.vite/deps/chunk-F4TVASKJ.js?v=229f5c58:7136:87)
    at SafeFragment (http://localhost:5174/node_modules/.vite/deps/chunk-F4TVASKJ.js?v=229f5c58:7136:87)
    at SafeFragment (http://localhost:5174/node_modules/.vite/deps/chunk-F4TVASKJ.js?v=229f5c58:7136:87)
    at MatchView (http://localhost:5174/node_modules/.vite/deps/chunk-F4TVASKJ.js?v=229f5c58:7221:22)
    at MatchImpl (http://localhost:5174/node_modules/.vite/deps/chunk-F4TVASKJ.js?v=229f5c58:7171:49)
    at OutletImpl (http://localhost:5174/node_modules/.vite/deps/chunk-F4TVASKJ.js?v=229f5c58:7405:18)
    at MatchInnerImpl (http://localhost:5174/node_modules/.vite/deps/chunk-F4TVASKJ.js?v=229f5c58:7282:59)
    at SafeFragment (http://localhost:5174/node_modules/.vite/deps/chunk-F4TVASKJ.js?v=229f5c58:7136:87)
    at SafeFragment (http://localhost:5174/node_modules/.vite/deps/chunk-F4TVASKJ.js?v=229f5c58:7136:87)
    at SafeFragment (http://localhost:5174/node_modules/.vite/deps/chunk-F4TVASKJ.js?v=229f5c58:7136:87)
    at SafeFragment (http://localhost:5174/node_modules/.vite/deps/chunk-F4TVASKJ.js?v=229f5c58:7136:87)
    at MatchView (http://localhost:5174/node_modules/.vite/deps/chunk-F4TVASKJ.js?v=229f5c58:7221:22)
    at MatchImpl (http://localhost:5174/node_modules/.vite/deps/chunk-F4TVASKJ.js?v=229f5c58:7171:49)
    at Suspense
    at OutletImpl (http://localhost:5174/node_modules/.vite/deps/chunk-F4TVASKJ.js?v=229f5c58:7405:18)
    at LangLayout (http://localhost:5174/src/router.tsx?t=1780045524647:54:35)
    at MatchInnerImpl (http://localhost:5174/node_modules/.vite/deps/chunk-F4TVASKJ.js?v=229f5c58:7282:59)
    at SafeFragment (http://localhost:5174/node_modules/.vite/deps/chunk-F4TVASKJ.js?v=229f5c58:7136:87)
    at SafeFragment (http://localhost:5174/node_modules/.vite/deps/chunk-F4TVASKJ.js?v=229f5c58:7136:87)
    at SafeFragment (http://localhost:5174/node_modules/.vite/deps/chunk-F4TVASKJ.js?v=229f5c58:7136:87)
    at SafeFragment (http://localhost:5174/node_modules/.vite/deps/chunk-F4TVASKJ.js?v=229f5c58:7136:87)
    at MatchView (http://localhost:5174/node_modules/.vite/deps/chunk-F4TVASKJ.js?v=229f5c58:7221:22)
    at MatchImpl (http://localhost:5174/node_modules/.vite/deps/chunk-F4TVASKJ.js?v=229f5c58:7171:49)
    at CatchBoundaryImpl (http://localhost:5174/node_modules/.vite/deps/chunk-F4TVASKJ.js?v=229f5c58:5643:5)
    at CatchBoundary (http://localhost:5174/node_modules/.vite/deps/chunk-F4TVASKJ.js?v=229f5c58:5628:32)
    at MatchesInner (http://localhost:5174/node_modules/.vite/deps/chunk-F4TVASKJ.js?v=229f5c58:7552:18)
    at Suspense
    at Matches (http://localhost:5174/node_modules/.vite/deps/chunk-F4TVASKJ.js?v=229f5c58:7542:18)
    at RouterContextProvider (http://localhost:5174/node_modules/.vite/deps/chunk-F4TVASKJ.js?v=229f5c58:7653:34)
    at RouterProvider (http://localhost:5174/node_modules/.vite/deps/chunk-F4TVASKJ.js?v=229f5c58:7669:27)
    at http://localhost:5174/node_modules/.vite/deps/chunk-KF37EVZO.js?v=229f5c58:89:13
    at App

React will try to recreate this component tree from scratch using the error boundary you provided, CatchBoundaryImpl. @ http://localhost:5174/node_modules/.vite/deps/chunk-UPVS5NU7.js?v=229f5c58:14079
[   76118ms] [WARNING] Warning: The following error wasn't caught by any route! At the very least, consider setting an 'errorComponent' in your RootRoute! @ http://localhost:5174/node_modules/.vite/deps/chunk-F4TVASKJ.js?v=229f5c58:7562
[   76118ms] [WARNING] Warning: mulberry32 is not defined @ http://localhost:5174/node_modules/.vite/deps/chunk-F4TVASKJ.js?v=229f5c58:7563
[   79124ms] [WARNING] The resource http://localhost:5174/fonts/space-grotesk-variable-latin.woff2 was preloaded using link preload but not used within a few seconds from the window's load event. Please make sure it has an appropriate `as` value and it is preloaded intentionally. @ http://localhost:5174/fr/galerie:0
[   79124ms] [WARNING] The resource http://localhost:5174/fonts/ibm-plex-mono-400-latin.woff2 was preloaded using link preload but not used within a few seconds from the window's load event. Please make sure it has an appropriate `as` value and it is preloaded intentionally. @ http://localhost:5174/fr/galerie:0
[   79124ms] [WARNING] The resource http://localhost:5174/gallery-hero.avif was preloaded using link preload but not used within a few seconds from the window's load event. Please make sure it has an appropriate `as` value and it is preloaded intentionally. @ http://localhost:5174/fr/galerie:0
[   94308ms] [WARNING] The resource http://localhost:5174/fonts/space-grotesk-variable-latin.woff2 was preloaded using link preload but not used within a few seconds from the window's load event. Please make sure it has an appropriate `as` value and it is preloaded intentionally. @ http://localhost:5174/fr/galerie:0
[   94308ms] [WARNING] The resource http://localhost:5174/fonts/ibm-plex-mono-400-latin.woff2 was preloaded using link preload but not used within a few seconds from the window's load event. Please make sure it has an appropriate `as` value and it is preloaded intentionally. @ http://localhost:5174/fr/galerie:0
[   94308ms] [WARNING] The resource http://localhost:5174/gallery-hero.avif was preloaded using link preload but not used within a few seconds from the window's load event. Please make sure it has an appropriate `as` value and it is preloaded intentionally. @ http://localhost:5174/fr/galerie:0
[  869988ms] [WARNING] The resource http://localhost:5174/fonts/space-grotesk-variable-latin.woff2 was preloaded using link preload but not used within a few seconds from the window's load event. Please make sure it has an appropriate `as` value and it is preloaded intentionally. @ http://localhost:5174/fr/galerie:0
[  869988ms] [WARNING] The resource http://localhost:5174/fonts/ibm-plex-mono-400-latin.woff2 was preloaded using link preload but not used within a few seconds from the window's load event. Please make sure it has an appropriate `as` value and it is preloaded intentionally. @ http://localhost:5174/fr/galerie:0
[  869988ms] [WARNING] The resource http://localhost:5174/gallery-hero.avif was preloaded using link preload but not used within a few seconds from the window's load event. Please make sure it has an appropriate `as` value and it is preloaded intentionally. @ http://localhost:5174/fr/galerie:0
[  887780ms] [WARNING] The resource http://localhost:5174/fonts/space-grotesk-variable-latin.woff2 was preloaded using link preload but not used within a few seconds from the window's load event. Please make sure it has an appropriate `as` value and it is preloaded intentionally. @ http://localhost:5174/fr/galerie:0
[  887780ms] [WARNING] The resource http://localhost:5174/fonts/ibm-plex-mono-400-latin.woff2 was preloaded using link preload but not used within a few seconds from the window's load event. Please make sure it has an appropriate `as` value and it is preloaded intentionally. @ http://localhost:5174/fr/galerie:0
[  887780ms] [WARNING] The resource http://localhost:5174/gallery-hero.avif was preloaded using link preload but not used within a few seconds from the window's load event. Please make sure it has an appropriate `as` value and it is preloaded intentionally. @ http://localhost:5174/fr/galerie:0
[  902537ms] [WARNING] The resource http://localhost:5174/fonts/space-grotesk-variable-latin.woff2 was preloaded using link preload but not used within a few seconds from the window's load event. Please make sure it has an appropriate `as` value and it is preloaded intentionally. @ http://localhost:5174/fr/galerie:0
[  902537ms] [WARNING] The resource http://localhost:5174/fonts/ibm-plex-mono-400-latin.woff2 was preloaded using link preload but not used within a few seconds from the window's load event. Please make sure it has an appropriate `as` value and it is preloaded intentionally. @ http://localhost:5174/fr/galerie:0
[  902537ms] [WARNING] The resource http://localhost:5174/gallery-hero.avif was preloaded using link preload but not used within a few seconds from the window's load event. Please make sure it has an appropriate `as` value and it is preloaded intentionally. @ http://localhost:5174/fr/galerie:0
[  913451ms] [WARNING] The resource http://localhost:5174/fonts/space-grotesk-variable-latin.woff2 was preloaded using link preload but not used within a few seconds from the window's load event. Please make sure it has an appropriate `as` value and it is preloaded intentionally. @ http://localhost:5174/fr/galerie:0
[  913451ms] [WARNING] The resource http://localhost:5174/fonts/ibm-plex-mono-400-latin.woff2 was preloaded using link preload but not used within a few seconds from the window's load event. Please make sure it has an appropriate `as` value and it is preloaded intentionally. @ http://localhost:5174/fr/galerie:0
[  913451ms] [WARNING] The resource http://localhost:5174/gallery-hero.avif was preloaded using link preload but not used within a few seconds from the window's load event. Please make sure it has an appropriate `as` value and it is preloaded intentionally. @ http://localhost:5174/fr/galerie:0
