[     112ms] [INFO] %cDownload the React DevTools for a better development experience: https://reactjs.org/link/react-devtools font-weight:bold @ http://localhost:5174/node_modules/.vite/deps/chunk-UPVS5NU7.js?v=229f5c58:21608
[    3880ms] [WARNING] The resource http://localhost:5174/fonts/space-grotesk-variable-latin.woff2 was preloaded using link preload but not used within a few seconds from the window's load event. Please make sure it has an appropriate `as` value and it is preloaded intentionally. @ http://localhost:5174/fr/galerie:0
[    3880ms] [WARNING] The resource http://localhost:5174/fonts/ibm-plex-mono-400-latin.woff2 was preloaded using link preload but not used within a few seconds from the window's load event. Please make sure it has an appropriate `as` value and it is preloaded intentionally. @ http://localhost:5174/fr/galerie:0
[    3880ms] [WARNING] The resource http://localhost:5174/gallery-hero.avif was preloaded using link preload but not used within a few seconds from the window's load event. Please make sure it has an appropriate `as` value and it is preloaded intentionally. @ http://localhost:5174/fr/galerie:0
[   12407ms] [WARNING] The resource http://localhost:5174/fonts/space-grotesk-variable-latin.woff2 was preloaded using link preload but not used within a few seconds from the window's load event. Please make sure it has an appropriate `as` value and it is preloaded intentionally. @ http://localhost:5174/fr/galerie:0
[   12407ms] [WARNING] The resource http://localhost:5174/fonts/ibm-plex-mono-400-latin.woff2 was preloaded using link preload but not used within a few seconds from the window's load event. Please make sure it has an appropriate `as` value and it is preloaded intentionally. @ http://localhost:5174/fr/galerie:0
[   12407ms] [WARNING] The resource http://localhost:5174/gallery-hero.avif was preloaded using link preload but not used within a few seconds from the window's load event. Please make sure it has an appropriate `as` value and it is preloaded intentionally. @ http://localhost:5174/fr/galerie:0
[   93013ms] ReferenceError: onDoubleClick is not defined
    at GalleryLightbox (http://localhost:5174/src/gallery-lightbox.tsx?t=1780044874495:266:17)
    at renderWithHooks (http://localhost:5174/node_modules/.vite/deps/chunk-UPVS5NU7.js?v=229f5c58:11596:26)
    at mountIndeterminateComponent (http://localhost:5174/node_modules/.vite/deps/chunk-UPVS5NU7.js?v=229f5c58:14974:21)
    at beginWork (http://localhost:5174/node_modules/.vite/deps/chunk-UPVS5NU7.js?v=229f5c58:15962:22)
    at HTMLUnknownElement.callCallback2 (http://localhost:5174/node_modules/.vite/deps/chunk-UPVS5NU7.js?v=229f5c58:3680:22)
    at Object.invokeGuardedCallbackDev (http://localhost:5174/node_modules/.vite/deps/chunk-UPVS5NU7.js?v=229f5c58:3705:24)
    at invokeGuardedCallback (http://localhost:5174/node_modules/.vite/deps/chunk-UPVS5NU7.js?v=229f5c58:3739:39)
    at beginWork$1 (http://localhost:5174/node_modules/.vite/deps/chunk-UPVS5NU7.js?v=229f5c58:19818:15)
    at performUnitOfWork (http://localhost:5174/node_modules/.vite/deps/chunk-UPVS5NU7.js?v=229f5c58:19251:20)
    at workLoopSync (http://localhost:5174/node_modules/.vite/deps/chunk-UPVS5NU7.js?v=229f5c58:19190:13)
[   93014ms] ReferenceError: onDoubleClick is not defined
    at GalleryLightbox (http://localhost:5174/src/gallery-lightbox.tsx?t=1780044874495:266:17)
    at renderWithHooks (http://localhost:5174/node_modules/.vite/deps/chunk-UPVS5NU7.js?v=229f5c58:11596:26)
    at mountIndeterminateComponent (http://localhost:5174/node_modules/.vite/deps/chunk-UPVS5NU7.js?v=229f5c58:14974:21)
    at beginWork (http://localhost:5174/node_modules/.vite/deps/chunk-UPVS5NU7.js?v=229f5c58:15962:22)
    at HTMLUnknownElement.callCallback2 (http://localhost:5174/node_modules/.vite/deps/chunk-UPVS5NU7.js?v=229f5c58:3680:22)
    at Object.invokeGuardedCallbackDev (http://localhost:5174/node_modules/.vite/deps/chunk-UPVS5NU7.js?v=229f5c58:3705:24)
    at invokeGuardedCallback (http://localhost:5174/node_modules/.vite/deps/chunk-UPVS5NU7.js?v=229f5c58:3739:39)
    at beginWork$1 (http://localhost:5174/node_modules/.vite/deps/chunk-UPVS5NU7.js?v=229f5c58:19818:15)
    at performUnitOfWork (http://localhost:5174/node_modules/.vite/deps/chunk-UPVS5NU7.js?v=229f5c58:19251:20)
    at workLoopSync (http://localhost:5174/node_modules/.vite/deps/chunk-UPVS5NU7.js?v=229f5c58:19190:13)
[   93016ms] [ERROR] The above error occurred in the <GalleryLightbox> component:

    at GalleryLightbox (http://localhost:5174/src/gallery-lightbox.tsx?t=1780044874495:28:3)
    at div
    at GalleryPageV3 (http://localhost:5174/src/gallery-page.tsx?t=1780044778681:605:45)
    at Lazy
    at MatchInnerImpl (http://localhost:5174/node_modules/.vite/deps/chunk-F4TVASKJ.js?v=229f5c58:7282:59)
    at SafeFragment (http://localhost:5174/node_modules/.vite/deps/chunk-F4TVASKJ.js?v=229f5c58:7136:87)
    at SafeFragment (http://localhost:5174/node_modules/.vite/deps/chunk-F4TVASKJ.js?v=229f5c58:7136:87)
    at SafeFragment (http://localhost:5174/node_modules/.vite/deps/chunk-F4TVASKJ.js?v=229f5c58:7136:87)
    at SafeFragment (http://localhost:5174/node_modules/.vite/deps/chunk-F4TVASKJ.js?v=229f5c58:7136:87)
    at MatchView (http://localhost:5174/node_modules/.vite/deps/chunk-F4TVASKJ.js?v=229f5c58:7221:22)
    at MatchImpl (http://localhost:5174/node_modules/.vite/deps/chunk-F4TVASKJ.js?v=229f5c58:7171:49)
    at OutletImpl (http://localhost:5174/node_modules/.vite/deps/chunk-F4TVASKJ.js?v=229f5c58:7405:18)
    at MatchInnerImpl (http://localhost:5174/node_modules/.vite/deps/chunk-F4TVASKJ.js?v=229f5c58:7282:59)
    at SafeFragment (http://localhost:5174/node_modules/.vite/deps/chunk-F4TVASKJ.js?v=229f5c58:7136:87)
    at SafeFragment (http://localhost:5174/node_modules/.vite/deps/chunk-F4TVASKJ.js?v=229f5c58:7136:87)
    at SafeFragment (http://localhost:5174/node_modules/.vite/deps/chunk-F4TVASKJ.js?v=229f5c58:7136:87)
    at SafeFragment (http://localhost:5174/node_modules/.vite/deps/chunk-F4TVASKJ.js?v=229f5c58:7136:87)
    at MatchView (http://localhost:5174/node_modules/.vite/deps/chunk-F4TVASKJ.js?v=229f5c58:7221:22)
    at MatchImpl (http://localhost:5174/node_modules/.vite/deps/chunk-F4TVASKJ.js?v=229f5c58:7171:49)
    at Suspense
    at OutletImpl (http://localhost:5174/node_modules/.vite/deps/chunk-F4TVASKJ.js?v=229f5c58:7405:18)
    at LangLayout (http://localhost:5174/src/router.tsx?t=1780044778681:54:35)
    at MatchInnerImpl (http://localhost:5174/node_modules/.vite/deps/chunk-F4TVASKJ.js?v=229f5c58:7282:59)
    at SafeFragment (http://localhost:5174/node_modules/.vite/deps/chunk-F4TVASKJ.js?v=229f5c58:7136:87)
    at SafeFragment (http://localhost:5174/node_modules/.vite/deps/chunk-F4TVASKJ.js?v=229f5c58:7136:87)
    at SafeFragment (http://localhost:5174/node_modules/.vite/deps/chunk-F4TVASKJ.js?v=229f5c58:7136:87)
    at SafeFragment (http://localhost:5174/node_modules/.vite/deps/chunk-F4TVASKJ.js?v=229f5c58:7136:87)
    at MatchView (http://localhost:5174/node_modules/.vite/deps/chunk-F4TVASKJ.js?v=229f5c58:7221:22)
    at MatchImpl (http://localhost:5174/node_modules/.vite/deps/chunk-F4TVASKJ.js?v=229f5c58:7171:49)
    at CatchBoundaryImpl (http://localhost:5174/node_modules/.vite/deps/chunk-F4TVASKJ.js?v=229f5c58:5643:5)
    at CatchBoundary (http://localhost:5174/node_modules/.vite/deps/chunk-F4TVASKJ.js?v=229f5c58:5628:32)
    at MatchesInner (http://localhost:5174/node_modules/.vite/deps/chunk-F4TVASKJ.js?v=229f5c58:7552:18)
    at Suspense
    at Matches (http://localhost:5174/node_modules/.vite/deps/chunk-F4TVASKJ.js?v=229f5c58:7542:18)
    at RouterContextProvider (http://localhost:5174/node_modules/.vite/deps/chunk-F4TVASKJ.js?v=229f5c58:7653:34)
    at RouterProvider (http://localhost:5174/node_modules/.vite/deps/chunk-F4TVASKJ.js?v=229f5c58:7669:27)
    at http://localhost:5174/node_modules/.vite/deps/chunk-KF37EVZO.js?v=229f5c58:89:13
    at App

React will try to recreate this component tree from scratch using the error boundary you provided, CatchBoundaryImpl. @ http://localhost:5174/node_modules/.vite/deps/chunk-UPVS5NU7.js?v=229f5c58:14079
[   93016ms] [WARNING] Warning: The following error wasn't caught by any route! At the very least, consider setting an 'errorComponent' in your RootRoute! @ http://localhost:5174/node_modules/.vite/deps/chunk-F4TVASKJ.js?v=229f5c58:7562
[   93016ms] [WARNING] Warning: onDoubleClick is not defined @ http://localhost:5174/node_modules/.vite/deps/chunk-F4TVASKJ.js?v=229f5c58:7563
[   96040ms] [WARNING] The resource http://localhost:5174/fonts/space-grotesk-variable-latin.woff2 was preloaded using link preload but not used within a few seconds from the window's load event. Please make sure it has an appropriate `as` value and it is preloaded intentionally. @ http://localhost:5174/fr/galerie:0
[   96040ms] [WARNING] The resource http://localhost:5174/fonts/ibm-plex-mono-400-latin.woff2 was preloaded using link preload but not used within a few seconds from the window's load event. Please make sure it has an appropriate `as` value and it is preloaded intentionally. @ http://localhost:5174/fr/galerie:0
[   96040ms] [WARNING] The resource http://localhost:5174/gallery-hero.avif was preloaded using link preload but not used within a few seconds from the window's load event. Please make sure it has an appropriate `as` value and it is preloaded intentionally. @ http://localhost:5174/fr/galerie:0
[  101680ms] [WARNING] The resource http://localhost:5174/fonts/space-grotesk-variable-latin.woff2 was preloaded using link preload but not used within a few seconds from the window's load event. Please make sure it has an appropriate `as` value and it is preloaded intentionally. @ http://localhost:5174/fr/galerie:0
[  101680ms] [WARNING] The resource http://localhost:5174/fonts/ibm-plex-mono-400-latin.woff2 was preloaded using link preload but not used within a few seconds from the window's load event. Please make sure it has an appropriate `as` value and it is preloaded intentionally. @ http://localhost:5174/fr/galerie:0
[  101680ms] [WARNING] The resource http://localhost:5174/gallery-hero.avif was preloaded using link preload but not used within a few seconds from the window's load event. Please make sure it has an appropriate `as` value and it is preloaded intentionally. @ http://localhost:5174/fr/galerie:0
[  214677ms] [WARNING] The resource http://localhost:5174/fonts/space-grotesk-variable-latin.woff2 was preloaded using link preload but not used within a few seconds from the window's load event. Please make sure it has an appropriate `as` value and it is preloaded intentionally. @ http://localhost:5174/fr/galerie:0
[  214677ms] [WARNING] The resource http://localhost:5174/fonts/ibm-plex-mono-400-latin.woff2 was preloaded using link preload but not used within a few seconds from the window's load event. Please make sure it has an appropriate `as` value and it is preloaded intentionally. @ http://localhost:5174/fr/galerie:0
[  214677ms] [WARNING] The resource http://localhost:5174/gallery-hero.avif was preloaded using link preload but not used within a few seconds from the window's load event. Please make sure it has an appropriate `as` value and it is preloaded intentionally. @ http://localhost:5174/fr/galerie:0
[  219820ms] [WARNING] The resource http://localhost:5174/fonts/space-grotesk-variable-latin.woff2 was preloaded using link preload but not used within a few seconds from the window's load event. Please make sure it has an appropriate `as` value and it is preloaded intentionally. @ http://localhost:5174/fr/galerie:0
[  219820ms] [WARNING] The resource http://localhost:5174/fonts/ibm-plex-mono-400-latin.woff2 was preloaded using link preload but not used within a few seconds from the window's load event. Please make sure it has an appropriate `as` value and it is preloaded intentionally. @ http://localhost:5174/fr/galerie:0
[  219820ms] [WARNING] The resource http://localhost:5174/gallery-hero.avif was preloaded using link preload but not used within a few seconds from the window's load event. Please make sure it has an appropriate `as` value and it is preloaded intentionally. @ http://localhost:5174/fr/galerie:0
[  271931ms] [WARNING] The resource http://localhost:5174/fonts/space-grotesk-variable-latin.woff2 was preloaded using link preload but not used within a few seconds from the window's load event. Please make sure it has an appropriate `as` value and it is preloaded intentionally. @ http://localhost:5174/fr/galerie:0
[  271931ms] [WARNING] The resource http://localhost:5174/fonts/ibm-plex-mono-400-latin.woff2 was preloaded using link preload but not used within a few seconds from the window's load event. Please make sure it has an appropriate `as` value and it is preloaded intentionally. @ http://localhost:5174/fr/galerie:0
[  271931ms] [WARNING] The resource http://localhost:5174/gallery-hero.avif was preloaded using link preload but not used within a few seconds from the window's load event. Please make sure it has an appropriate `as` value and it is preloaded intentionally. @ http://localhost:5174/fr/galerie:0
[  306090ms] [WARNING] The resource http://localhost:5174/fonts/space-grotesk-variable-latin.woff2 was preloaded using link preload but not used within a few seconds from the window's load event. Please make sure it has an appropriate `as` value and it is preloaded intentionally. @ http://localhost:5174/fr/galerie:0
[  306090ms] [WARNING] The resource http://localhost:5174/fonts/ibm-plex-mono-400-latin.woff2 was preloaded using link preload but not used within a few seconds from the window's load event. Please make sure it has an appropriate `as` value and it is preloaded intentionally. @ http://localhost:5174/fr/galerie:0
[  306090ms] [WARNING] The resource http://localhost:5174/gallery-hero.avif was preloaded using link preload but not used within a few seconds from the window's load event. Please make sure it has an appropriate `as` value and it is preloaded intentionally. @ http://localhost:5174/fr/galerie:0
[  350438ms] [WARNING] The resource http://localhost:5174/fonts/space-grotesk-variable-latin.woff2 was preloaded using link preload but not used within a few seconds from the window's load event. Please make sure it has an appropriate `as` value and it is preloaded intentionally. @ http://localhost:5174/fr/galerie:0
[  350438ms] [WARNING] The resource http://localhost:5174/fonts/ibm-plex-mono-400-latin.woff2 was preloaded using link preload but not used within a few seconds from the window's load event. Please make sure it has an appropriate `as` value and it is preloaded intentionally. @ http://localhost:5174/fr/galerie:0
[  350438ms] [WARNING] The resource http://localhost:5174/gallery-hero.avif was preloaded using link preload but not used within a few seconds from the window's load event. Please make sure it has an appropriate `as` value and it is preloaded intentionally. @ http://localhost:5174/fr/galerie:0
[  354713ms] [WARNING] The resource http://localhost:5174/fonts/space-grotesk-variable-latin.woff2 was preloaded using link preload but not used within a few seconds from the window's load event. Please make sure it has an appropriate `as` value and it is preloaded intentionally. @ http://localhost:5174/fr/galerie:0
[  354713ms] [WARNING] The resource http://localhost:5174/fonts/ibm-plex-mono-400-latin.woff2 was preloaded using link preload but not used within a few seconds from the window's load event. Please make sure it has an appropriate `as` value and it is preloaded intentionally. @ http://localhost:5174/fr/galerie:0
[  354713ms] [WARNING] The resource http://localhost:5174/gallery-hero.avif was preloaded using link preload but not used within a few seconds from the window's load event. Please make sure it has an appropriate `as` value and it is preloaded intentionally. @ http://localhost:5174/fr/galerie:0
[  413879ms] [WARNING] The resource http://localhost:5174/fonts/space-grotesk-variable-latin.woff2 was preloaded using link preload but not used within a few seconds from the window's load event. Please make sure it has an appropriate `as` value and it is preloaded intentionally. @ http://localhost:5174/fr/galerie:0
[  413879ms] [WARNING] The resource http://localhost:5174/fonts/ibm-plex-mono-400-latin.woff2 was preloaded using link preload but not used within a few seconds from the window's load event. Please make sure it has an appropriate `as` value and it is preloaded intentionally. @ http://localhost:5174/fr/galerie:0
[  413879ms] [WARNING] The resource http://localhost:5174/gallery-hero.avif was preloaded using link preload but not used within a few seconds from the window's load event. Please make sure it has an appropriate `as` value and it is preloaded intentionally. @ http://localhost:5174/fr/galerie:0
[  578692ms] [WARNING] The resource http://localhost:5174/fonts/space-grotesk-variable-latin.woff2 was preloaded using link preload but not used within a few seconds from the window's load event. Please make sure it has an appropriate `as` value and it is preloaded intentionally. @ http://localhost:5174/fr/galerie:0
[  578692ms] [WARNING] The resource http://localhost:5174/fonts/ibm-plex-mono-400-latin.woff2 was preloaded using link preload but not used within a few seconds from the window's load event. Please make sure it has an appropriate `as` value and it is preloaded intentionally. @ http://localhost:5174/fr/galerie:0
[  578692ms] [WARNING] The resource http://localhost:5174/gallery-hero.avif was preloaded using link preload but not used within a few seconds from the window's load event. Please make sure it has an appropriate `as` value and it is preloaded intentionally. @ http://localhost:5174/fr/galerie:0
[  585365ms] [WARNING] The resource http://localhost:5174/fonts/space-grotesk-variable-latin.woff2 was preloaded using link preload but not used within a few seconds from the window's load event. Please make sure it has an appropriate `as` value and it is preloaded intentionally. @ http://localhost:5174/fr/galerie:0
[  585365ms] [WARNING] The resource http://localhost:5174/fonts/ibm-plex-mono-400-latin.woff2 was preloaded using link preload but not used within a few seconds from the window's load event. Please make sure it has an appropriate `as` value and it is preloaded intentionally. @ http://localhost:5174/fr/galerie:0
[  585365ms] [WARNING] The resource http://localhost:5174/gallery-hero.avif was preloaded using link preload but not used within a few seconds from the window's load event. Please make sure it has an appropriate `as` value and it is preloaded intentionally. @ http://localhost:5174/fr/galerie:0
[  595660ms] [WARNING] The resource http://localhost:5174/fonts/space-grotesk-variable-latin.woff2 was preloaded using link preload but not used within a few seconds from the window's load event. Please make sure it has an appropriate `as` value and it is preloaded intentionally. @ http://localhost:5174/fr/galerie:0
[  595660ms] [WARNING] The resource http://localhost:5174/fonts/ibm-plex-mono-400-latin.woff2 was preloaded using link preload but not used within a few seconds from the window's load event. Please make sure it has an appropriate `as` value and it is preloaded intentionally. @ http://localhost:5174/fr/galerie:0
[  595660ms] [WARNING] The resource http://localhost:5174/gallery-hero.avif was preloaded using link preload but not used within a few seconds from the window's load event. Please make sure it has an appropriate `as` value and it is preloaded intentionally. @ http://localhost:5174/fr/galerie:0
[  602192ms] [WARNING] The resource http://localhost:5174/fonts/space-grotesk-variable-latin.woff2 was preloaded using link preload but not used within a few seconds from the window's load event. Please make sure it has an appropriate `as` value and it is preloaded intentionally. @ http://localhost:5174/fr/galerie:0
[  602192ms] [WARNING] The resource http://localhost:5174/fonts/ibm-plex-mono-400-latin.woff2 was preloaded using link preload but not used within a few seconds from the window's load event. Please make sure it has an appropriate `as` value and it is preloaded intentionally. @ http://localhost:5174/fr/galerie:0
[  602192ms] [WARNING] The resource http://localhost:5174/gallery-hero.avif was preloaded using link preload but not used within a few seconds from the window's load event. Please make sure it has an appropriate `as` value and it is preloaded intentionally. @ http://localhost:5174/fr/galerie:0
[  629117ms] [WARNING] The resource http://localhost:5174/fonts/space-grotesk-variable-latin.woff2 was preloaded using link preload but not used within a few seconds from the window's load event. Please make sure it has an appropriate `as` value and it is preloaded intentionally. @ http://localhost:5174/fr/galerie:0
[  629117ms] [WARNING] The resource http://localhost:5174/fonts/ibm-plex-mono-400-latin.woff2 was preloaded using link preload but not used within a few seconds from the window's load event. Please make sure it has an appropriate `as` value and it is preloaded intentionally. @ http://localhost:5174/fr/galerie:0
[  629117ms] [WARNING] The resource http://localhost:5174/gallery-hero.avif was preloaded using link preload but not used within a few seconds from the window's load event. Please make sure it has an appropriate `as` value and it is preloaded intentionally. @ http://localhost:5174/fr/galerie:0
[  649501ms] [WARNING] The resource http://localhost:5174/fonts/space-grotesk-variable-latin.woff2 was preloaded using link preload but not used within a few seconds from the window's load event. Please make sure it has an appropriate `as` value and it is preloaded intentionally. @ http://localhost:5174/fr/galerie:0
[  649501ms] [WARNING] The resource http://localhost:5174/fonts/ibm-plex-mono-400-latin.woff2 was preloaded using link preload but not used within a few seconds from the window's load event. Please make sure it has an appropriate `as` value and it is preloaded intentionally. @ http://localhost:5174/fr/galerie:0
[  649501ms] [WARNING] The resource http://localhost:5174/gallery-hero.avif was preloaded using link preload but not used within a few seconds from the window's load event. Please make sure it has an appropriate `as` value and it is preloaded intentionally. @ http://localhost:5174/fr/galerie:0
[  658631ms] [WARNING] The resource http://localhost:5174/fonts/space-grotesk-variable-latin.woff2 was preloaded using link preload but not used within a few seconds from the window's load event. Please make sure it has an appropriate `as` value and it is preloaded intentionally. @ http://localhost:5174/fr/galerie:0
[  658631ms] [WARNING] The resource http://localhost:5174/fonts/ibm-plex-mono-400-latin.woff2 was preloaded using link preload but not used within a few seconds from the window's load event. Please make sure it has an appropriate `as` value and it is preloaded intentionally. @ http://localhost:5174/fr/galerie:0
[  658631ms] [WARNING] The resource http://localhost:5174/gallery-hero.avif was preloaded using link preload but not used within a few seconds from the window's load event. Please make sure it has an appropriate `as` value and it is preloaded intentionally. @ http://localhost:5174/fr/galerie:0
