[      99ms] [INFO] %cDownload the React DevTools for a better development experience: https://reactjs.org/link/react-devtools font-weight:bold @ http://localhost:5173/node_modules/.vite/deps/chunk-UPVS5NU7.js?v=b1114f69:21608
[    3719ms] [WARNING] The resource http://localhost:5173/gallery-hero.avif was preloaded using link preload but not used within a few seconds from the window's load event. Please make sure it has an appropriate `as` value and it is preloaded intentionally. @ http://localhost:5173/fr/post-production:0
[    3719ms] [WARNING] The resource http://localhost:5173/fonts/space-grotesk-variable-latin.woff2 was preloaded using link preload but not used within a few seconds from the window's load event. Please make sure it has an appropriate `as` value and it is preloaded intentionally. @ http://localhost:5173/fr/post-production:0
[    3719ms] [WARNING] The resource http://localhost:5173/fonts/ibm-plex-mono-400-latin.woff2 was preloaded using link preload but not used within a few seconds from the window's load event. Please make sure it has an appropriate `as` value and it is preloaded intentionally. @ http://localhost:5173/fr/post-production:0
[   56482ms] [INFO] [hmr] /src/direction-editorial.tsx failed to apply HMR as it's within a circular import. Reloading page to reset the execution order. To debug and break the circular import, you can run `vite --debug hmr` to log the circular dependency path if a file change triggered it. @ http://localhost:5173/@vite/client:817
[   56482ms] [ERROR] [vite] ReferenceError: Cannot access 'DirectionA' before initialization
    at http://localhost:5173/src/router.tsx?t=1779974907607:141:14 @ http://localhost:5173/@vite/client:808
[   56482ms] [ERROR] [vite] Failed to reload /src/direction-editorial.tsx. This could be due to syntax errors or importing non-existent modules. (see errors above) @ http://localhost:5173/@vite/client:808
[   56482ms] [INFO] [hmr] /src/postprod-page.tsx failed to apply HMR as it's within a circular import. Reloading page to reset the execution order. To debug and break the circular import, you can run `vite --debug hmr` to log the circular dependency path if a file change triggered it. @ http://localhost:5173/@vite/client:817
[   56482ms] [ERROR] [vite] ReferenceError: Cannot access 'DirectionA' before initialization
    at http://localhost:5173/src/router.tsx?t=1779974907607:141:14 @ http://localhost:5173/@vite/client:808
[   56483ms] [ERROR] [vite] Failed to reload /src/postprod-page.tsx. This could be due to syntax errors or importing non-existent modules. (see errors above) @ http://localhost:5173/@vite/client:808
[   56590ms] [INFO] %cDownload the React DevTools for a better development experience: https://reactjs.org/link/react-devtools font-weight:bold @ http://localhost:5173/node_modules/.vite/deps/chunk-UPVS5NU7.js?v=b1114f69:21608
[   60018ms] [WARNING] The resource http://localhost:5173/gallery-hero.avif was preloaded using link preload but not used within a few seconds from the window's load event. Please make sure it has an appropriate `as` value and it is preloaded intentionally. @ http://localhost:5173/fr/post-production:0
[   60019ms] [WARNING] The resource http://localhost:5173/fonts/space-grotesk-variable-latin.woff2 was preloaded using link preload but not used within a few seconds from the window's load event. Please make sure it has an appropriate `as` value and it is preloaded intentionally. @ http://localhost:5173/fr/post-production:0
[   60019ms] [WARNING] The resource http://localhost:5173/fonts/ibm-plex-mono-400-latin.woff2 was preloaded using link preload but not used within a few seconds from the window's load event. Please make sure it has an appropriate `as` value and it is preloaded intentionally. @ http://localhost:5173/fr/post-production:0
[   66149ms] [INFO] [hmr] /src/direction-editorial.tsx failed to apply HMR as it's within a circular import. Reloading page to reset the execution order. To debug and break the circular import, you can run `vite --debug hmr` to log the circular dependency path if a file change triggered it. @ http://localhost:5173/@vite/client:817
[   66149ms] [ERROR] [vite] ReferenceError: Cannot access 'DirectionA' before initialization
    at http://localhost:5173/src/router.tsx?t=1779974917309:141:14 @ http://localhost:5173/@vite/client:808
[   66149ms] [ERROR] [vite] Failed to reload /src/direction-editorial.tsx. This could be due to syntax errors or importing non-existent modules. (see errors above) @ http://localhost:5173/@vite/client:808
[   66149ms] [INFO] [hmr] /src/postprod-page.tsx failed to apply HMR as it's within a circular import. Reloading page to reset the execution order. To debug and break the circular import, you can run `vite --debug hmr` to log the circular dependency path if a file change triggered it. @ http://localhost:5173/@vite/client:817
[   66149ms] [ERROR] [vite] ReferenceError: Cannot access 'DirectionA' before initialization
    at http://localhost:5173/src/router.tsx?t=1779974917309:141:14 @ http://localhost:5173/@vite/client:808
[   66149ms] [ERROR] [vite] Failed to reload /src/postprod-page.tsx. This could be due to syntax errors or importing non-existent modules. (see errors above) @ http://localhost:5173/@vite/client:808
[   66328ms] [INFO] %cDownload the React DevTools for a better development experience: https://reactjs.org/link/react-devtools font-weight:bold @ http://localhost:5173/node_modules/.vite/deps/chunk-UPVS5NU7.js?v=b1114f69:21608
[   69674ms] [WARNING] The resource http://localhost:5173/gallery-hero.avif was preloaded using link preload but not used within a few seconds from the window's load event. Please make sure it has an appropriate `as` value and it is preloaded intentionally. @ http://localhost:5173/fr/post-production:0
[   69674ms] [WARNING] The resource http://localhost:5173/fonts/space-grotesk-variable-latin.woff2 was preloaded using link preload but not used within a few seconds from the window's load event. Please make sure it has an appropriate `as` value and it is preloaded intentionally. @ http://localhost:5173/fr/post-production:0
[   69674ms] [WARNING] The resource http://localhost:5173/fonts/ibm-plex-mono-400-latin.woff2 was preloaded using link preload but not used within a few seconds from the window's load event. Please make sure it has an appropriate `as` value and it is preloaded intentionally. @ http://localhost:5173/fr/post-production:0
